,,,This_is_a_comment_for_all_new.csv,This_is_text_for_all_new.csv 
